
> musicscene@0.1.0 build
> next build

   Γû▓ Next.js 15.3.1

   Creating an optimized production build ...
 Γ£ô Compiled successfully in 7.0s
   Linting and checking validity of types ...
